qemu-system-arm: warning: nic ftgmac100.1 has no peer
[    0.000000] Booting Linux on physical CPU 0x0
[    0.000000] Linux version 6.6.70-dirty (tim@desktop) (arm-linux-gnueabi-gcc (Debian 14.2.0-19) 14.2.0, GNU ld (GNU Binutils for Debian) 2.44) #1 Sun Jul 12 14:59:01 ACST 2026
[    0.000000] CPU: ARM926EJ-S [41069265] revision 5 (ARMv5TEJ), cr=00093177
[    0.000000] CPU: VIVT data cache, VIVT instruction cache
[    0.000000] OF: fdt: Machine model: ASUS KGPE-D16 BMC
[    0.000000] Memory policy: Data cache writeback
[    0.000000] Reserved memory: created DMA memory pool at 0x43800000, size 8 MiB
[    0.000000] OF: reserved mem: initialized node region@43800000, compatible id shared-dma-pool
[    0.000000] OF: reserved mem: 0x43800000..0x43ffffff (8192 KiB) nomap non-reusable region@43800000
[    0.000000] Ignoring RAM at 0x43800000-0x44000000
[    0.000000] Consider using a HIGHMEM enabled kernel.
[    0.000000] Zone ranges:
[    0.000000]   Normal   [mem 0x0000000040000000-0x00000000437fffff]
[    0.000000] Movable zone start for each node
[    0.000000] Early memory node ranges
[    0.000000]   node   0: [mem 0x0000000040000000-0x00000000437fffff]
[    0.000000] Initmem setup node 0 [mem 0x0000000040000000-0x00000000437fffff]
[    0.000000] Kernel command line: console=ttyS4,115200n8 earlyprintk f8video
[    0.000000] Unknown kernel command line parameters "earlyprintk f8video", will be passed to user space.
[    0.000000] Dentry cache hash table entries: 8192 (order: 3, 32768 bytes, linear)
[    0.000000] Inode-cache hash table entries: 4096 (order: 2, 16384 bytes, linear)
[    0.000000] Built 1 zonelists, mobility grouping on.  Total pages: 14224
[    0.000000] mem auto-init: stack:all(zero), heap alloc:off, heap free:off
[    0.000000] Memory: 42232K/57344K available (7168K kernel code, 969K rwdata, 1968K rodata, 1024K init, 188K bss, 15112K reserved, 0K cma-reserved)
[    0.000000] SLUB: HWalign=32, Order=0-3, MinObjects=0, CPUs=1, Nodes=1
[    0.000000] ftrace: allocating 30821 entries in 61 pages
[    0.000000] ftrace: allocated 61 pages with 5 groups
[    0.000000] NR_IRQS: 16, nr_irqs: 16, preallocated irqs: 16
[    0.000000] i2c controller registered, irq 16
[    0.000000] clocksource: FTTMR010-TIMER2: mask: 0xffffffff max_cycles: 0xffffffff, max_idle_ns: 79635851949 ns
[    0.000188] sched_clock: 32 bits at 24MHz, resolution 41ns, wraps every 89478484971ns
[    0.001854] Switching to timer-based delay loop, resolution 41ns
[    0.005589] Calibrating delay loop (skipped), value calculated using timer frequency.. 48.00 BogoMIPS (lpj=240000)
[    0.005831] CPU: Testing write buffer coherency: ok
[    0.007273] pid_max: default: 32768 minimum: 301
[    0.018334] Mount-cache hash table entries: 1024 (order: 0, 4096 bytes, linear)
[    0.018424] Mountpoint-cache hash table entries: 1024 (order: 0, 4096 bytes, linear)
[    0.069639] RCU Tasks Rude: Setting shift to 0 and lim to 1 rcu_task_cb_adjust=1 rcu_task_cpu_ids=1.
[    0.070205] RCU Tasks Trace: Setting shift to 0 and lim to 1 rcu_task_cb_adjust=1 rcu_task_cpu_ids=1.
[    0.071411] Setting up static identity map for 0x40100000 - 0x40100058
[    0.074436] ASPEED Unknown rev A0 (00000202)
[    0.082770] devtmpfs: initialized
[    0.109726] clocksource: jiffies: mask: 0xffffffff max_cycles: 0xffffffff, max_idle_ns: 19112604462750000 ns
[    0.109877] futex hash table entries: 256 (order: -1, 3072 bytes, linear)
[    0.111146] pinctrl core: initialized pinctrl subsystem
[    0.123910] NET: Registered PF_NETLINK/PF_ROUTE protocol family
[    0.128016] DMA: preallocated 256 KiB pool for atomic coherent allocations
[    0.192830] usbcore: registered new interface driver usbfs
[    0.193204] usbcore: registered new interface driver hub
[    0.193449] usbcore: registered new device driver usb
[    0.194196] mc: Linux media interface: v0.10
[    0.194530] videodev: Linux video capture interface: v2.00
[    0.194884] pps_core: LinuxPPS API ver. 1 registered
[    0.194916] pps_core: Software ver. 5.3.6 - Copyright 2005-2007 Rodolfo Giometti <giometti@linux.it>
[    0.195041] PTP clock support registered
[    0.195139] EDAC MC: Ver: 3.0.0
[    0.257574] clocksource: Switched to clocksource FTTMR010-TIMER2
[    0.312415] NET: Registered PF_INET protocol family
[    0.314129] IP idents hash table entries: 2048 (order: 2, 16384 bytes, linear)
[    0.318740] tcp_listen_portaddr_hash hash table entries: 1024 (order: 0, 4096 bytes, linear)
[    0.318919] Table-perturb hash table entries: 65536 (order: 6, 262144 bytes, linear)
[    0.319013] TCP established hash table entries: 1024 (order: 0, 4096 bytes, linear)
[    0.319106] TCP bind hash table entries: 1024 (order: 1, 8192 bytes, linear)
[    0.319282] TCP: Hash tables configured (established 1024 bind 1024)
[    0.320433] UDP hash table entries: 256 (order: 0, 4096 bytes, linear)
[    0.320658] UDP-Lite hash table entries: 256 (order: 0, 4096 bytes, linear)
[    0.322614] NET: Registered PF_UNIX/PF_LOCAL protocol family
[    0.342391] RPC: Registered named UNIX socket transport module.
[    0.342461] RPC: Registered udp transport module.
[    0.342483] RPC: Registered tcp transport module.
[    0.342500] RPC: Registered tcp-with-tls transport module.
[    0.342517] RPC: Registered tcp NFSv4.1 backchannel transport module.
[    0.363926] Unpacking initramfs...
[    0.368406] workingset: timestamp_bits=30 max_order=14 bucket_order=0
[    0.369540] squashfs: version 4.0 (2009/01/31) Phillip Lougher
[    0.395971] NFS: Registering the id_resolver key type
[    0.397278] Key type id_resolver registered
[    0.397329] Key type id_legacy registered
[    0.397922] jffs2: version 2.2. (SUMMARY)  © 2001-2006 Red Hat, Inc.
[    0.413610] NET: Registered PF_ALG protocol family
[    0.414674] io scheduler bfq registered
[    0.472665] ast-kcs-bmc 1e78902c.kcs: Initialised IPMI client for channel 3
[    0.472982] ast-kcs-bmc 1e78902c.kcs: Initialised channel 3 at 0xca2
[    0.506849] Serial: 8250/16550 driver, 6 ports, IRQ sharing enabled
[    0.552897] 1e787000.serial: ttyS5 at MMIO 0x1e787000 (irq = 19, base_baud = 1500000) is a ASPEED VUART
[    0.581422] 1e784000.serial: ttyS4 at MMIO 0x1e784000 (irq = 20, base_baud = 1500000) is a 16550A
[    0.582879] printk: console [ttyS4] enabled
[    0.651077] timeriomem_rng 1e6e2078.hwrng: 32bits from 0x(ptrval) @ 1us
[    0.736171] loop: module loaded
[    0.745798] random: crng init done
[    0.951927] ftgmac100 1e660000.ethernet: Read MAC address 52:54:00:12:34:56 from chip
[    0.973214] ftgmac100 1e660000.ethernet (unnamed net_device) (uninitialized): Unsupported PHY mode rmii !
[    0.974379] RTL8211E Gigabit Ethernet 1e660000.ethernet--1:00: attached PHY driver (mii_bus:phy_addr=1e660000.ethernet--1:00, irq=POLL)
[    0.988319] ftgmac100 1e660000.ethernet eth0: irq 21, mapped at ac344da4
[    0.992079] dummy_hcd dummy_hcd.0: USB Host+Gadget Emulator, driver 02 May 2005
[    0.992703] dummy_hcd dummy_hcd.0: Dummy host controller
[    0.993100] dummy_hcd dummy_hcd.0: new USB bus registered, assigned bus number 1
[    1.032706] Freeing initrd memory: 1972K
[    1.045364] usb usb1: New USB device found, idVendor=1d6b, idProduct=0002, bcdDevice= 6.06
[    1.045843] usb usb1: New USB device strings: Mfr=3, Product=2, SerialNumber=1
[    1.046196] usb usb1: Product: Dummy host controller
[    1.046459] usb usb1: Manufacturer: Linux 6.6.70-dirty dummy_hcd
[    1.046766] usb usb1: SerialNumber: dummy_hcd.0
[    1.068185] hub 1-0:1.0: USB hub found
[    1.069139] hub 1-0:1.0: 1 port detected
[    1.095331] aspeed_vhub 1e6a0000.usb-vhub: Initialized virtual hub in USB2 mode
[    1.097235] i2c_dev: i2c /dev entries driver
[    1.139203] aspeed-i2c-bus 1e78a080.i2c-bus: i2c bus 1 registered, irq 23
[    1.141764] aspeed-video 1e700000.video: irq 24
[    1.142465] aspeed-video 1e700000.video: alloc mem size(24576) at 0x41280000 for jpeg header
[    1.148205] Driver for 1-wire Dallas network protocol.
[    1.166021] usbcore: registered new interface driver usbhid
[    1.166308] usbhid: USB HID core driver
[    1.174765] NET: Registered PF_INET6 protocol family
[    1.227915] Segment Routing with IPv6
[    1.228428] In-situ OAM (IOAM) with IPv6
[    1.229891] NET: Registered PF_PACKET protocol family
[    1.231092] 8021q: 802.1Q VLAN Support v1.8
[    1.231812] Key type dns_resolver registered
[    1.360510] printk: console [netcon0] enabled
[    1.360803] netconsole: network logging started
[    1.365829] input: gpio-keys as /devices/platform/gpio-keys/input/input0
[    1.450714] clk: Disabling unused clocks
[    1.486149] Freeing unused kernel image (initmem) memory: 1024K
[    1.487992] Checked W+X mappings: passed, no W+X pages found
[    1.488468] Run /init as init process

ASUS KGPE-D16 BMC  —  Aspeed AST2050 (ARM926EJ-S)  —  6.6.70-dirty

[    1.725659] ftgmac100 1e660000.ethernet eth0: Link is Up - 100Mbps/Full - flow control rx/tx
eth0: 10.0.2.15
Fingerprint: SHA256:bqf63mKmc2nardnR0tyryL3sqbigwPQOlcFbPi7X890
[67] Jan 01 00:00:01 Running in background
--- net diag ---
2: eth0: <BROADCAST,MULTICAST,UP,LOWER_UP> mtu 1500 qdisc pfifo_fast qlen 1000
    link/ether 52:54:00:12:34:56 brd ff:ff:ff:ff:ff:ff
    inet 10.0.2.15/24 scope global eth0
       valid_lft forever preferred_lft forever
    inet6 fec0::5054:ff:fe12:3456/64 scope site tentative dynamic flags 100 
       valid_lft 86400sec preferred_lft 14400sec
    inet6 fe80::5054:ff:fe12:3456/64 scope link 
       valid_lft forever preferred_lft forever
Active Internet connections (only servers)
Proto Recv-Q Send-Q Local Address           Foreign Address         State       
tcp        0      0 0.0.0.0:22              0.0.0.0:*               LISTEN      
tcp        0      0 :::22                   :::*                    LISTEN      
dropbear: listening on :22 (ssh in via the QEMU hostfwd port)
=== F8-VIDEO-DEMO-BEGIN ===
[    1.141764] aspeed-video 1e700000.video: irq 24
[    1.142465] aspeed-video 1e700000.video: alloc mem size(24576) at 0x41280000 for jpeg header
F8-VIDEO: /dev/video0 present (aspeed-video bound the AST2050 video engine)
F8-PATTERN: wrote 8-bar test pattern (640x480 XRGB8888) to VGA aperture @0x43800000
F8-PATTERN-BARS: white yellow cyan green magenta red blue near-black
F8-V4L2: driver=aspeed-video card=Aspeed Video Engine
F8-V4L2: input 'Host VGA capture' status=0x0 (signal)
F8-V4L2-FMT: JPEG 640x480 sizeimage=262144
F8-FRAME: dequeued buffer 0 sequence=0 bytesused=10696
F8-FRAME-BEGIN size=10696 fmt=640x480
/9j/4AAQSkZJRgABAQAAAQABAAD/2wCEAAkGBggGBQkIBwgKCQkKDRYODQwMDRoTFBAWHxwhIB8c
Hh4jJzIqIyUvJR4eKzssLzM1ODg4ISo9QTw2QTI3ODUBCQoKDQsNGQ4OGTUkHiQ1NTU1NTU1NTU1
NTU1NTU1NTU1NTU1NTU1NTU1NTU1NTU1NTU1NTU1NTU1NTU1NTU1Nf/AABEIAeACgAMBEQACEQED
EQH/xAAfAAABBQEBAQEBAQAAAAAAAAAAAQIDBAUGBwgJCgv/xAC1EAACAQMDAgQDBQUEBAAAAX0B
AgMABBEFEiExQQYTUWEHInEUMoGRoQgjQrHBFVLR8CQzYnKCCQoWFxgZGiUmJygpKjQ1Njc4OTpD
REVGR0hJSlNUVVZXWFlaY2RlZmdoaWpzdHV2d3h5eoOEhYaHiImKkpOUlZaXmJmaoqOkpaanqKmq
srO0tba3uLm6wsPExcbHyMnK0tPU1dbX2Nna4eLj5OXm5+jp6vHy8/T19vf4+fr/xAAfAQADAQEB
AQEBAQEBAAAAAAAAAQIDBAUGBwgJCgv/xAC1EQACAQIEBAMEBwUEBAABAncAAQIDEQQFITEGEkFR
B2FxEyIygQgUQpGhscEJIzNS8BVictEKFiQ04SXxFxgZGiYnKCkqNTY3ODk6Q0RFRkdISUpTVFVW
V1hZWmNkZWZnaGlqc3R1dnd4eXqCg4SFhoeIiYqSk5SVlpeYmZqio6Slpqeoqaqys7S1tre4ubrC
w8TFxsfIycrS09TV1tfY2dri4+Tl5ufo6ery8/T19vf4+fr/2gAMAwEAAhEDEQA/APcaACgAoAKA
CgAoAKACgAoAKAMWvw09IKACgAoAKACgAoAKACgAoA5Sv6XP57CgAoAKACgAoAKACgAoAKAMavw4
9MKACgAoAKACgAoAKACgAoA5iv6XP69CgAoAKACgAoAKACgAoAKAMWvw49MKACgAoAKACgAoAKAC
gAoA5Sv6XP57CgAoAKACgAoAKACgAoAKAKlfhx6YUAFABQAUAFABQAUAFABQB9q0AFABQAUAFABQ
AUAFABQAUAYtfhp6QUAFABQAUAFABQAUAFABQBylf0ufz2FABQAUAFABQAUAFABQAUAY1fhx6YUA
FABQAUAFABQAUAFABQBzFf0uf16FABQAUAFABQAUAFABQAUAYtfhx6YUAFABQAUAFABQAUAFABQB
ylf0ufz2FABQAUAFABQAUAFABQAUAVK/Dj0woAKACgAoAKACgAoAKACgD7VoAKACgAoAKACgAoAK
ACgAoAxa/DT0goAKACgAoAKACgAoAKACgDlK/pc/nsKACgAoAKACgAoAKACgAoAxq/Dj0woAKACg
AoAKACgAoAKACgDmK/pc/r0KACgAoAKACgAoAKACgAoAxa/Dj0woAKACgAoAKACgAoAKACgDlK/p
c/nsKACgAoAKACgAoAKACgAoAqV+HHphQAUAFABQAUAFABQAUAFAH2rQAUAFABQAUAFABQAUAFAB
QBi1+GnpBQAUAFABQAUAFABQAUAFAHKV/S5/PYUAFABQAUAFABQAUAFABQBjV+HHphQAUAFABQAU
AFABQAUAFAHMV/S5/XoUAFABQAUAFABQAUAFABQBi1+HHphQAUAFABQAUAFABQAUAFAHKV/S5/PY
UAFABQAUAFABQAUAFABQBUr8OPTCgAoAKACgAoAKACgAoAKAPtWgAoAKACgAoAKACgAoAKACgDFr
8NPSCgAoAKACgAoAKACgAoAKAOUr+lz+ewoAKACgAoAKACgAoAKACgDGr8OPTCgAoAKACgAoAKAC
gAoAKAOYr+lz+vQoAKACgAoAKACgAoAKACgDFr8OPTCgAoAKACgAoAKACgAoAKAOUr+lz+ewoAKA
CgAoAKACgAoAKACgCpX4cemFABQAUAFABQAUAFABQAUAfatABQAUAFABQAUAFABQAUAFAGLX4aek
FABQAUAFABQAUAFABQAUAcpX9Ln89hQAUAFABQAUAFABQAUAFAGNX4cemFABQAUAFABQAUAFABQA
UAcxX9Ln9ehQAUAFABQAUAFABQAUAFAGLX4cemFABQAUAFABQAUAFABQAUAcpX9Ln89hQAUAFABQ
AUAFABQAUAFAFSvw49MKACgAoAKACgAoAKACgAoA+1aACgAoAKACgAoAKACgAoAKAMWvw09IKACg
AoAKACgAoAKACgAoA5Sv6XP57CgAoAKACgAoAKACgAoAKAMavw49MKACgAoAKACgAoAKACgAoA5i
v6XP69CgAoAKACgAoAKACgAoAKAMWvw49MKACgAoAKACgAoAKACgAoA5Sv6XP57CgAoAKACgAoAK
ACgAoAKAKlfhx6YUAFABQAUAFABQAUAFABQB9q0AFABQAUAFABQAUAFABQAUAYtfhp6QUAFABQAU
AFABQAUAFABQBylf0ufz2FABQAUAFABQAUAFABQAUAY1fhx6YUAFABQAUAFABQAUAFABQBzFf0uf
16FABQAUAFABQAUAFABQAUAYtfhx6YUAFABQAUAFABQAUAFABQBylf0ufz2FABQAUAFABQAUAFAB
QAUAVK/Dj0woAKACgAoAKACgAoAKACgD7VoAKACgAoAKACgAoAKACgAoAxa/DT0goAKACgAoAKAC
gAoAKACgDlK/pc/nsKACgAoAKACgAoAKACgAoAxq/Dj0woAKACgAoAKACgAoAKACgDmK/pc/r0KA
CgAoAKACgAoAKACgAoAxa/Dj0woAKACgAoAKACgAoAKACgDlK/pc/nsKACgAoAKACgAoAKACgAoA
qV+HHphQAUAFABQAUAFABQAUAFAH2rQAUAFABQAUAFABQAUAFABQBi1+GnpBQAUAFABQAUAFABQA
UAFAHKV/S5/PYUAFABQAUAFABQAUAFABQBjV+HHphQAUAFABQAUAFABQAUAFAHMV/S5/XoUAFABQ
AUAFABQAUAFABQBi1+HHphQAUAFABQAUAFABQAUAFAHKV/S5/PYUAFABQAUAFABQAUAFABQBUr8O
PTCgAoAKACgAoAKACgAoAKAPtWgAoAKACgAoAKACgAoAKACgDFr8NPSCgAoAKACgAoAKACgAoAKA
OUr+lz+ewoAKACgAoAKACgAoAKACgDGr8OPTCgAoAKACgAoAKACgAoAKAOYr+lz+vQoAKACgAoAK
ACgAoAKACgDFr8OPTCgAoAKACgAoAKACgAoAKAOUr+lz+ewoAKACgAoAKACgAoAKACgCpX4cemFA
BQAUAFABQAUAFABQAUAfatABQAUAFABQAUAFABQAUAFAGLX4aekFABQAUAFABQAUAFABQAUAcpX9
Ln89hQAUAFABQAUAFABQAUAFAGNX4cemFABQAUAFABQAUAFABQAUAcxX9Ln9ehQAUAFABQAUAFAB
QAUAFAGLX4cemFABQAUAFABQAUAFABQAUAcpX9Ln89hQAUAFABQAUAFABQAUAFAFSvw49MKACgAo
AKACgAoAKACgAoA+1aACgAoAKACgAoAKACgAoAKAMWvw09IKACgAoAKACgAoAKACgAoA5Sv6XP57
CgAoAKACgAoAKACgAoAKAMavw49MKACgAoAKACgAoAKACgAoA5iv6XP69CgAoAKACgAoAKACgAoA
KAMWvw49MKACgAoAKACgAoAKACgAoA5Sv6XP57CgAoAKACgAoAKACgAoAKAKlfhx6YUAFABQAUAF
ABQAUAFABQB9q0AFABQAUAFABQAUAFABQAUAYtfhp6QUAFABQAUAFABQAUAFABQBylf0ufz2FABQ
AUAFABQAUAFABQAUAY1fhx6YUAFABQAUAFABQAUAFABQBzFf0uf16FABQAUAFABQAUAFABQAUAYt
fhx6YUAFABQAUAFABQAUAFABQBylf0ufz2FABQAUAFABQAUAFABQAUAVK/Dj0woAKACgAoAKACgA
oAKACgD7VoAKACgAoAKACgAoAKACgAoAxa/DT0goAKACgAoAKACgAoAKACgDlK/pc/nsKACgAoAK
ACgAoAKACgAoAxq/Dj0woAKACgAoAKACgAoAKACgDmK/pc/r0KACgAoAKACgAoAKACgAoAxa/Dj0
woAKACgAoAKACgAoAKACgDlK/pc/nsKACgAoAKACgAoAKACgAoAqV+HHphQAUAFABQAUAFABQAUA
FAH2rQAUAFABQAUAFABQAUAFABQBi1+GnpBQAUAFABQAUAFABQAUAFAHKV/S5/PYUAFABQAUAFAB
QAUAFABQBjV+HHphQAUAFABQAUAFABQAUAFAHMV/S5/XoUAFABQAUAFABQAUAFABQBi1+HHphQAU
AFABQAUAFABQAUAFAHKV/S5/PYUAFABQAUAFABQAUAFABQBUr8OPTCgAoAKACgAoAKACgAoAKAPt
WgAoAKACgAoAKACgAoAKACgDFr8NPSCgAoAKACgAoAKACgAoAKAOUr+lz+ewoAKACgAoAKACgAoA
KACgDGr8OPTCgAoAKACgAoAKACgAoAKAOYr+lz+vQoAKACgAoAKACgAoAKACgDFr8OPTCgAoAKAC
gAoAKACgAoAKAOUr+lz+ewoAKACgAoAKACgAoAKACgCpX4cemFABQAUAFABQAUAFABQAUAfatABQ
AUAFABQAUAFABQAUAFAGLX4aekFABQAUAFABQAUAFABQAUAcpX9Ln89hQAUAFABQAUAFABQAUAFA
GNX4cemFABQAUAFABQAUAFABQAUAcxX9Ln9ehQAUAFABQAUAFABQAUAFAGLX4cemFABQAUAFABQA
UAFABQAUAcpX9Ln89hQAUAFABQAUAFABQAUAFAFSvw49MKACgAoAKACgAoAKACgAoA+1aACgAoAK
ACgAoAKACgAoAKAMWvw09IKACgAoAKACgAoAKACgAoA5Sv6XP57CgAoAKACgAoAKACgAoAKAMavw
49MKACgAoAKACgAoAKACgAoA5iv6XP69CgAoAKACgAoAKACgAoAKAMWvw49MKACgAoAKACgAoAKA
CgAoA5Sv6XP57CgAoAKACgAoAKACgAoAKAKlfhx6YUAFABQAUAFABQAUAFABQB9q0AFABQAUAFAB
QAUAFABQAUAYtfhp6QUAFABQAUAFABQAUAFABQBylf0ufz2FABQAUAFABQAUAFABQAUAY1fhx6YU
AFABQAUAFABQAUAFABQBzFf0uf16FABQAUAFABQAUAFABQAUAYtfhx6YUAFABQAUAFABQAUAFABQ
Bylf0ufz2FABQAUAFABQAUAFABQAUAVK/Dj0woAKACgAoAKACgAoAKACgD7VoAKACgAoAKACgAoA
KACgAoAxa/DT0goAKACgAoAKACgAoAKACgDlK/pc/nsKACgAoAKACgAoAKACgAoAxq/Dj0woAKAC
gAoAKACgAoAKACgDmK/pc/r0KACgAoAKACgAoAKACgAoAxa/Dj0woAKACgAoAKACgAoAKACgDlK/
pc/nsKACgAoAKACgAoAKACgAoAqV+HHphQAUAFABQAUAFABQAUAFAH2rQAUAFABQAUAFABQAUAFA
BQBi1+GnpBQAUAFABQAUAFABQAUAFAHKV/S5/PYUAFABQAUAFABQAUAFABQBjV+HHphQAUAFABQA
UAFABQAUAFAHMV/S5/XoUAFABQAUAFABQAUAFABQBi1+HHphQAUAFABQAUAFABQAUAFAHKV/S5/P
YUAFABQAUAFABQAUAFABQBUr8OPTCgAoAKACgAoAKACgAoAKAPtWgAoAKACgAoAKACgAoAKACgDF
r8NPSCgAoAKACgAoAKACgAoAKAOUr+lz+ewoAKACgAoAKACgAoAKACgDGr8OPTCgAoAKACgAoAKA
CgAoAKAOYr+lz+vQoAKACgAoAKACgAoAKACgDFr8OPTCgAoAKACgAoAKACgAoAKAOUr+lz+ewoAK
ACgAoAKACgAoAKACgCpX4cemFABQAUAFABQAUAFABQAUAfatABQAUAFABQAUAFABQAUAFAGLX4ae
kFABQAUAFABQAUAFABQAUAcpX9Ln89hQAUAFABQAUAFABQAUAFAGNX4cemFABQAUAFABQAUAFABQ
AUAcxX9Ln9ehQAUAFABQAUAFABQAUAFAGLX4cemFABQAUAFABQAUAFABQAUAcpX9Ln89hQAUAFAB
QAUAFABQAUAFAFSvw49MKACgAoAKACgAoAKACgAoA+1aACgAoAKACgAoAKACgAoAKAMWvw09IKAC
gAoAKACgAoAKACgAoA5Sv6XP57CgAoAKACgAoAKACgAoAKAMavw49MKACgAoAKACgAoAKACgAoA5
iv6XP69CgAoAKACgAoAKACgAoAKAMWvw49MKACgAoAKACgAoAKACgAoA5Sv6XP57CgAoAKACgAoA
KACgAoAKAKlfhx6YUAFABQAUAFABQAUAFABQB9q0AFABQAUAFABQAUAFABQAUAYtfhp6QUAFABQA
UAFABQAUAFABQBylf0ufz2FABQAUAFABQAUAFABQAUAY1fhx6YUAFABQAUAFABQAUAFABQBzFf0u
f16FABQAUAFABQAUAFABQAUAYtfhx6YUAFABQAUAFABQAUAFABQBylf0ufz2FABQAUAFABQAUAFA
BQAUAVK/Dj0woAKACgAoAKACgAoAKACgD7VoAKACgAoAKACgAoAKACgAoAxa/DT0goAKACgAoAKA
CgAoAKACgDlK/pc/nsKACgAoAKACgAoAKACgAoAxq/Dj0woAKACgAoAKACgAoAKACgDmK/pc/r0K
ACgAoAKACgAoAKACgAoAxa/Dj0woAKACgAoAKACgAoAKACgDlK/pc/nsKACgAoAKACgAoAKACgAo
AqV+HHphQAUAFABQAUAFABQAUAFAH2rQAUAFABQAUAFABQAUAFABQBi1+GnpBQAUAFABQAUAFABQ
AUAFAHKV/S5/PYUAFABQAUAFABQAUAFABQBjV+HHphQAUAFABQAUAFABQAUAFAHMV/S5/XoUAFAB
QAUAFABQAUAFABQBi1+HHphQAUAFABQAUAFABQAUAFAHKV/S5/PYUAFABQAUAFABQAUAFABQBUr8
OPTCgAoAKACgAoAKACgAoAKAPtWgAoAKACgAoAKACgAoAKACgDFr8NPSCgAoAKACgAoAKACgAoAK
AOUr+lz+ewoAKACgAoAKACgAoAKACgDGr8OPTCgAoAKACgAoAKACgAoAKAOYr+lz+vQoAKACgAoA
KACgAoAKACgDFr8OPTCgAoAKACgAoAKACgAoAKAOUr+lz+ewoAKACgAoAKACgAoAKACgCpX4cemF
ABQAUAFABQAUAFABQAUAfatABQAUAFABQAUAFABQAUAFAGLX4aekFABQAUAFABQAUAFABQAUAcpX
9Ln89hQAUAFABQAUAFABQAUAFAGNX4cemFABQAUAFABQAUAFABQAUAcxX9Ln9ehQAUAFABQAUAFA
BQAUAFAGLX4cemFABQAUAFABQAUAFABQAUAcpX9Ln89hQAUAFABQAUAFABQAUAFAFSvw49MKACgA
oAKACgAoAKACgAoA+1aACgAoAKACgAoAKACgAoAKAMWvw09IKACgAoAKACgAoAKACgAoA5Sv6XP5
7CgAoAKACgAoAKACgAoAKAMavw49MKACgAoAKACgAoAKACgAoA5iv6XP69CgAoAKACgAoAKACgAo
AKAMWvw49MKACgAoAKACgAoAKACgAoA5Sv6XP57CgAoAKACgAoAKACgAoAKAKlfhx6YUAFABQAUA
FABQAUAFABQB9q0AFABQAUAFABQAUAFABQAUAYtfhp6QUAFABQAUAFABQAUAFABQBylf0ufz2FAB
QAUAFABQAUAFABQAUAY1fhx6YUAFABQAUAFABQAUAFABQBzFf0uf16FABQAUAFABQAUAFABQAUAY
tfhx6YUAFABQAUAFABQAUAFABQBylf0ufz2FABQAUAFABQAUAFABQAUAVK/Dj0woAKACgAoAKACg
AoAKACgD7VoAKACgAoAKACgAoAKACgAoAxa/DT0goAKACgAoAKACgAoAKACgDlK/pc/nsKACgAoA
KACgAoAKACgAoAxq/Dj0woAKACgAoAKACgAoAKACgDmK/pc/r0KACgAoAKACgAoAKACgAoAxa/Dj
0woAKACgAoAKACgAoAKACgDlK/pc/nsKACgAoAKACgAoAKACgAoAqV+HHphQAUAFABQAUAFABQAU
AFAH2rQAUAFABQAUAFABQAUAFABQBi1+GnpBQAUAFABQAUAFABQAUAFAHKV/S5/PYUAFABQAUAFA
BQAUAFABQBjV+HHphQAUAFABQAUAFABQAUAFAHMV/S5/XoUAFABQAUAFABQAUAFABQBi1+HHphQA
UAFABQAUAFABQAUAFAHKV/S5/PYUAFABQAUAFABQAUAFABQBUr8OPTCgAoAKACgAoAKACgAoAKAP
tWgAoAKACgAoAKACgAoAKACgDFr8NPSCgAoAKACgAoAKACgAoAKAOUr+lz+ewoAKACgAoAKACgAo
AKACgDGr8OPTCgAoAKACgAoAKACgAoAKAOYr+lz+vQoAKACgAoAKACgAoAKACgDFr8OPTCgAoAKA
CgAoAKACgAoAKAOUr+lz+ewoAKACgAoAKACgAoAKACgCpX4cemFABQAUAFABQAUAFABQAUAfatAB
QAUAFABQAUAFABQAUAFAGLX4aekFABQAUAFABQAUAFABQAUAcpX9Ln89hQAUAFABQAUAFABQAUAF
AGNX4cemFABQAUAFABQAUAFABQAUAcxX9Ln9ehQAUAFABQAUAFABQAUAFAGLX4cemFABQAUAFABQ
AUAFABQAUAcpX9Ln89hQAUAFABQAUAFABQAUAFAFSvw49MKACgAoAKACgAoAKACgAoA+1aACgAoA
KACgAoAKACgAoAKAMWvw09IKACgAoAKACgAoAKACgAoA5Sv6XP57CgAoAKACgAoAKACgAoAKAMav
w49MKACgAoAKACgAoAKACgAoA5iv6XP69CgAoAKACgAoAKACgAoAKAMWvw49MKACgAoAKACgAoAK
ACgAoA5Sv6XP57CgAoAKACgAoAKACgAoAKAKlfhx6YUAFABQAUAFABQAUAFABQB9q0AFABQAUAFA
BQAUAFABQAUAYtfhp6QUAFABQAUAFABQAUAFABQBylf0ufz2FABQAUAFABQAUAFABQAUAY1fhx6Y
UAFABQAUAFABQAUAFABQBzFf0uf16FABQAUAFABQAUAFABQAUAYtfhx6YUAFABQAUAFABQAUAFAB
QBylf0ufz2FABQAUAFABQAUAFABQAUAVK/Dj0woAKACgAoAKACgAoAKACgD7VoAKACgAoAKACgAo
AKACgAoAxa/DT0goAKACgAoAKACgAoAKACgDlK/pc/nsKACgAoAKACgAoAKACgAoAxq/Dj0woAKA
CgAoAKACgAoAKACgDmK/pc/r0KACgAoAKACgAoAKACgAoAxa/Dj0woAKACgAoAKACgAoAKACgDlK
/pc/nsKACgAoAKACgAoAKACgAoAqV+HHphQAUAFABQAUAFABQAUAFAH2rQAUAFABQAUAFABQAUAF
ABQBi1+GnpBQAUAFABQAUAFABQAUAFAHKV/S5/PYUAFABQAUAFABQAUAFABQBjV+HHphQAUAFABQ
AUAFABQAUAFAHMV/S5/XoUAFABQAUAFABQAUAFABQBi1+HHphQAUAFABQAUAFABQAUAFAHKV/S5/
PYUAFABQAUAFABQAUAFABQBUr8OPTCgAoAKACgAoAKACgAoAKAPtWgAoAKACgAoAKACgAoAKACgD
Fr8NPSCgAoAKACgAoAKACgAoAKAOUr+lz+ewoAKACgAoAKACgAoAKACgDGr8OPTCgAoAKACgAoAK
ACgAoAKAOYr+lz+vQoAKACgAoAKACgAoAKACgDFr8OPTCgAoAKACgAoAKACgAoAKAOUr+lz+ewoA
KACgAoAKACgAoAKACgCpX4cemFABQAUAFABQAUAFABQAUAfatABQAUAFABQAUAFABQAUAFAGLX4a
ekFABQAUAFABQAUAFABQAUAcpX9Ln89hQAUAFABQAUAFABQAUAFAGNX4cemFABQAUAFABQAUAFAB
QAUAcxX9Ln9ehQAUAFABQAUAFABQAUAFAGLX4cemFABQAUAFABQAUAFABQAUAcpX9Ln89hQAUAFA
BQAUAFABQAUAFAFSvw49MKACgAoAKACgAoAKACgAoA+1aACgAoAKACgAoAKACgAoAKAMWvw09IKA
CgAoAKACgAoAKACgAoA5Sv6XP57CgAoAKACgAoAKACgAoAKAMavw49MKACgAoAKACgAoAKACgAoA
5iv6XP69CgAoAKACgAoAKACgAoAKAMWvw49MKACgAoAKACgAoAKACgAoA5Sv6XP57CgAoAKACgAo
AKACgAoAKAKlfhx6YUAFABQAUAFABQAUAFABQB9q0AFABQAUAFABQAUAFABQAUAYtfhp6QUAFABQ
AUAFABQAUAFABQBylf0ufz2FABQAUAFABQAUAFABQAUAY1fhx6YUAFABQAUAFABQAUAFABQBzFf0
uf16FABQAUAFABQAUAFABQAUAYtfhx6YUAFABQAUAFABQAUAFABQBylf0ufz2FABQAUAFABQAUAF
ABQAUAVK/Dj0woAKACgAoAKACgAoAKACgD7VoAKACgAoAKACgAoAKACgAoAxa/DT0goAKACgAoAK
ACgAoAKACgDlK/pc/nsKACgAoAKACgAoAKACgAoAxq/Dj0woAKACgAoAKACgAoAKACgDmK/pc/r0
KACgAoAKACgAoAKACgAoAxa/Dj0woAKACgAoAKACgAoAKACgDlK/pc/nsKACgAoAKACgAoAKACgA
oAqV+HHphQAUAFABQAUAFABQAUAFAH2rQAUAFABQAUAFABQAUAFABQBi1+GnpBQAUAFABQAUAFAB
QAUAFAHKV/S5/PYUAFABQAUAFABQAUAFABQBjV+HHphQAUAFABQAUAFABQAUAFAHMV/S5/XoUAFA
BQAUAFABQAUAFABQBi1+HHphQAUAFABQAUAFABQAUAFAHKV/S5/PYUAFABQAUAFABQAUAFABQBUr
8OPTCgAoAKACgAoAKACgAoAKAPtWgAoAKACgAoAKACgAoAKACgDFr8NPSCgAoAKACgAoAKACgAoA
KAOUr+lz+ewoAKACgAoAKACgAoAKACgDGr8OPTCgAoAKACgAoAKACgAoAKAOYr+lz+vQoAKACgAo
AKACgAoAKACgDFr8OPTCgAoAKACgAoAKACgAoAKAOUr+lz+ewoAKACgAoAKACgAoAKACgCpX4cem
FABQAUAFABQAUAFABQAUAfatABQAUAFABQAUAFABQAUAFAGLX4aekFABQAUAFABQAUAFABQAUAcp
X9Ln89hQAUAFABQAUAFABQAUAFAGNX4cemFABQAUAFABQAUAFABQAUAcxX9Ln9ehQAUAFABQAUAF
ABQAUAFAGLX4cemFABQAUAFABQAUAFABQAUAcpX9Ln89hQAUAFABQAUAFABQAUAFAFSvw49MKACg
AoAKACgAoAKACgAoA+1aACgAoAKACgAoAKACgAoAKAMWvw09IKACgAoAKACgAoAKACgAoA5Sv6XP
57CgAoAKACgAoAKACgAoAKAMavw49MKACgAoAKACgAoAKACgAoA5iv6XP69CgAoAKACgAoAKACgA
oAKAMWvw49MKACgAoAKACgAoAKACgAoA5Sv6XP57CgAoAKACgAoAKACgAoAKAKlfhx6YUAFABQAU
AFABQAUAFABQB9q0AFABQAUAFABQAUAFABQAUAYtfhp6QUAFABQAUAFABQAUAFABQBylf0ufz2FA
BQAUAFABQAUAFABQAUAY1fhx6YUAFABQAUAFABQAUAFABQBzFf0uf16FABQAUAFABQAUAFABQAUA
Ytfhx6YUAFABQAUAFABQAUAFABQBylf0ufz2FABQAUAFABQAUAFABQAUAVK/Dj0woAKACgAoAKAC
gAoAKACgD7VoAKACgAoAKACgAoAKACgAoAxa/DT0goAKACgAoAKACgAoAKACgDlK/pc/nsKACgAo
AKACgAoAKACgAoAxq/Dj0woAKACgAoAKACgAoAKACgDmK/pc/r0KACgAoAKACgAoAKACgAoAxa/D
j0woAKACgAoAKACgAoAKACgDlK/pc/nsKACgAoAKACgAoAKACgAoAqV+HHphQAUAFABQAUAFABQA
UAFAH2rQAUAFABQAUAFABQAUAFABQBi1+GnpBQAUAFABQAUAFABQAUAFAHKV/S5/PYUAFABQAUAF
ABQAUAFABQBjV+HHphQAUAFABQAUAFABQAUAFAHMV/S5/XoUAFABQAUAFABQAUAFABQBi1+HHphQ
AUAFABQAUAFABQAUAFAHKV/S5/PYUAFABQAUAFABQAUAFABQBUr8OPTCgAoAKACgAoAKACgAoAKA
PtWgAoAKACgAoAKACgAoAKACgDFr8NPSCgAoAKACgAoAKACgAoAKAOUr+lz+ewoAKACgAoAKACgA
oAKACgDGr8OPTCgAoAKACgAoAKACgAoAKAOYr+lz+vQoAKACgAoAKACgAoAKACgDFr8OPTCgAoAK
ACgAoAKACgAoAKAOUr+lz+ewoAKACgAoAKACgAoAKACgCpX4cemFABQAUAFABQAUAFABQAUAfatA
BQAUAFABQAUAFABQAUAFAGLX4aekFABQAUAFABQAUAFABQAUAcpX9Ln89hQAUAFABQAUAFABQAUA
FAGNX4cemFABQAUAFABQAUAFABQAUAcxX9Ln9ehQAUAFABQAUAFABQAUAFAGLX4cemFABQAUAFAB
QAUAFABQAUAcpX9Ln89hQAUAFABQAUAFABQAUAFAFSvw49MKACgAoAKACgAoAKACgAoA+1aACgAo
AKACgAoAKACgAoAKAMWvw09IKACgAoAKACgAoAKACgAoA5Sv6XP57CgAoAKACgAoAKACgAoAKAMa
vw49MKACgAoAKACgAoAKACgAoA5iv6XP69CgAoAKACgAoAKACgAoAKAMWvw49MKACgAoAKACgAoA
KACgAoA5Sv6XP57CgAoAKACgAoAKACgAoAKAKlfhx6YUAFABQAUAFABQAUAFABQB9q0AFABQAUAF
ABQAUAFABQAUAYtfhp6QUAFABQAUAFABQAUAFABQBylf0ufz2FABQAUAFABQAUAFABQAUAY1fhx6
YUAFABQAUAFABQAUAFABQBzFf0uf16FABQAUAFABQAUAFABQAUAYtfhx6YUAFABQAUAFABQAUAFA
BQBylf0ufz2FABQAUAFABQAUAFABQAUAVK/Dj0woAKACgAoAKACgAoAKACgD7VoAKACgAoAKACgA
oAKACgAoAxa/DT0goAKACgAoAKACgAoAKACgDlK/pc/nsKACgAoAKACgAoAKACgAoAxq/Dj0woAK
ACgAoAKACgAoAKACgDmK/pc/r0KACgAoAKACgAoAKACgAoAxa/Dj0woAKACgAoAKACgAoAKACgDl
K/pc/nsKACgAoAKACgAoAKACgAoAqV+HHphQAUAFABQAUAFABQAUAFAH2rQAUAFABQAUAFABQAUA
FABQBi1+GnpBQAUAFABQAUAFABQAUAFAHKV/S5/PYUAFABQAUAFABQAUAFABQBjV+HHphQAUAFAB
QAUAFABQAUAFAHMV/S5/XoUAFABQAUAFABQAUAFABQBi1+HHphQAUAFABQAUAFABQAUAFAHKV/S5
/PYUAFABQAUAFABQAUAFABQBUr8OPTCgAoAKACgAoAKACgAoAKAPtWgAoAKACgAoAKACgAoAKACg
DFr8NPSCgAoAKACgAoAKACgAoAKAOUr+lz+ewoAKACgAoAKACgAoAKACgDGr8OPTCgAoAKACgAoA
KACgAoAKAOYr+lz+vQoAKACgAoAKACgAoAKACgDFr8OPTCgAoAKACgAoAKACgAoAKAOUr+lz+ewo
AKACgAoAKACgAoAKACgCpX4cemFABQAUAFABQAUAFABQAUAfatABQAUAFABQAUAFABQAUAFAGLX4
aekFABQAUAFABQAUAFABQAUAcpX9Ln89hQAUAFABQAUAFABQAUAFAGNX4cemFABQAUAFABQAUAFA
BQAUAcxX9Ln9ehQAUAFABQAUAFABQAUAFAGLX4cemFABQAUAFABQAUAFABQAUAcpX9Ln89hQAUAF
ABQAUAFABQAUAFAFSvw49MKACgAoAKACgAoAKACgAoA//9kAAA==
F8-FRAME-END
=== F8-VIDEO-DEMO-END ===