[1] DDR2 init (M1)...
[2] load U-Boot + reset-boot...
    U-Boot up.
[3] drive U-Boot -> tftp + bootm...

boot# setenv ipaddr 192.168.66.2
boot# setenv serverip 192.168.66.1
boot# setenv verify y
boot# setenv fdt_high 0xffffffff
boot# tftp 0x41000000 uImage-kgpe-d16-g3vic
aspeednic#0: PHY at 0x20
Using aspeednic#0 device
TFTP from server 192.168.66.1; our IP address is 192.168.66.2
Filename 'uImage-kgpe-d16-g3vic'.
Load address: 0x41000000
Loading: *#################################################################
	 #################################################################
	 #################################################################
	 #################################################################
	 #################################################################
	 #################################################################
	 #################################################################
	 #################################################################
	 #################################################################
	 #################################################################
	 #########################
	 1.2 MiB/s
done
Bytes transferred = 3453560 (34b278 hex)
boot# tftp 0x43000000 kgpe-g3vic.dtb
aspeednic#0: PHY at 0x20
Using aspeednic#0 device
TFTP from server 192.168.66.1; our IP address is 192.168.66.2
Filename 'kgpe-g3vic.dtb'.
Load address: 0x43000000
Loading: *#####
	 1.3 MiB/s
done
Bytes transferred = 22817 (5921 hex)
boot# setenv bootargs earlycon console=ttyS4,115200n8 clk_ignore_unused root=/dev/nfs nfsroot=192.168.66.1:/srv/nfs/bmc,vers=3,tcp ip=192.168.66.2:192.168.66.1:192.168.66.1:255.255.255.0:kgpe-d16:eth0:off rw init=/init
boot# bootm 0x41000000 - 0x43000000
## Booting kernel from Legacy Image at 41000000 ...
   Image Name:   Linux-6.6.70-00001-g69dd008c298f
   Image Type:   ARM Linux Kernel Image (uncompressed)
   Data Size:    3453496 Bytes = 3.3 MiB
   Load Address: 40008000
   Entry Point:  40008000
   Verifying Checksum ... OK
## Flattened Device Tree blob at 43000000
   Booting using the fdt blob at 0x43000000
   Loading Kernel Image ... OK
   Using Device Tree in place at 43000000, end 43008920

Starting kernel ...

[    0.000000] Booting Linux on physical CPU 0x0
[    0.000000] Linux version 6.6.70-00001-g69dd008c298f-dirty (tim@desktop) (arm-linux-gnueabi-gcc (Debian 14.2.0-19) 14.2.0, GNU ld (GNU Binutils for Debian) 2.44) #17 Thu Jul  9 16:34:07 ACST 2026
[    0.000000] CPU: ARM926EJ-S [41069265] revision 5 (ARMv5TEJ), cr=0005317f
[    0.000000] CPU: VIVT data cache, VIVT instruction cache
[    0.000000] OF: fdt: Machine model: ASUS KGPE-D16 BMC
[    0.000000] earlycon: ns16550a0 at MMIO 0x1e784000 (options '')
[    0.000000] printk: bootconsole [ns16550a0] enabled
[    0.000000] Memory policy: Data cache writeback
[    0.000000] OF: reserved mem: 0x43800000..0x43ffffff (8192 KiB) nomap non-reusable framebuffer@43800000
[    0.000000] Ignoring RAM at 0x43800000-0x44000000
[    0.000000] Consider using a HIGHMEM enabled kernel.
[    0.000000] Zone ranges:
[    0.000000]   Normal   [mem 0x0000000040000000-0x00000000437fffff]
[    0.000000] Movable zone start for each node
[    0.000000] Early memory node ranges
[    0.000000]   node   0: [mem 0x0000000040000000-0x00000000437fffff]
[    0.000000] Initmem setup node 0 [mem 0x0000000040000000-0x00000000437fffff]
[    0.000000] Kernel command line: earlycon console=ttyS4,115200n8 clk_ignore_unused root=/dev/nfs nfsroot=192.168.66.1:/srv/nfs/bmc,vers=3,tcp ip=192.168.66.2:192.168.66.1:192.168.66.1:255.255.255.0:kgpe-d16:eth0:off rw init=/init
[    0.000000] Dentry cache hash table entries: 8192 (order: 3, 32768 bytes, linear)
[    0.000000] Inode-cache hash table entries: 4096 (order: 2, 16384 bytes, linear)
[    0.000000] Built 1 zonelists, mobility grouping on.  Total pages: 14224
[    0.000000] mem auto-init: stack:all(zero), heap alloc:off, heap free:off
[    0.000000] Memory: 44212K/57344K available (7168K kernel code, 1011K rwdata, 1948K rodata, 1024K init, 183K bss, 13132K reserved, 0K cma-reserved)
[    0.000000] SLUB: HWalign=32, Order=0-3, MinObjects=0, CPUs=1, Nodes=1
[    0.000000] ftrace: allocating 30346 entries in 60 pages
[    0.000000] ftrace: allocated 60 pages with 4 groups
[    0.000000] NR_IRQS: 16, nr_irqs: 16, preallocated irqs: 16
[    0.000000] aspeed-g3-vic: SENSE=0x903897fe EVENT=0x983f97fe DUAL=0x7c00000 edge_sources=0x6fc76801
[    0.000000] i2c controller registered, irq 16
[    0.000000] clocksource: FTTMR010-TIMER2: mask: 0xffffffff max_cycles: 0xffffffff, max_idle_ns: 40773556198 ns
[    0.000005] sched_clock: 32 bits at 47MHz, resolution 21ns, wraps every 45812984821ns
[    0.004674] Switching to timer-based delay loop, resolution 21ns
[    0.009997] Calibrating delay loop (skipped), value calculated using timer frequency.. 93.75 BogoMIPS (lpj=468750)
[    0.016163] CPU: Testing write buffer coherency: ok
[    0.019257] pid_max: default: 32768 minimum: 301
[    0.041947] Mount-cache hash table entries: 1024 (order: 0, 4096 bytes, linear)
[    0.046357] Mountpoint-cache hash table entries: 1024 (order: 0, 4096 bytes, linear)
[    0.076027] RCU Tasks Rude: Setting shift to 0 and lim to 1 rcu_task_cb_adjust=1 rcu_task_cpu_ids=1.
[    0.082121] RCU Tasks Trace: Setting shift to 0 and lim to 1 rcu_task_cb_adjust=1 rcu_task_cpu_ids=1.
[    0.088423] Setting up static identity map for 0x40100000 - 0x40100058
[    0.094865] ASPEED Unknown rev A0 (00000202)
[    0.101657] devtmpfs: initialized
[    0.140737] clocksource: jiffies: mask: 0xffffffff max_cycles: 0xffffffff, max_idle_ns: 19112604462750000 ns
[    0.146639] futex hash table entries: 256 (order: -1, 3072 bytes, linear)
[    0.151571] pinctrl core: initialized pinctrl subsystem
[    0.162341] NET: Registered PF_NETLINK/PF_ROUTE protocol family
[    0.167652] DMA: preallocated 256 KiB pool for atomic coherent allocations
[    0.233633] mc: Linux media interface: v0.10
[    0.236456] videodev: Linux video capture interface: v2.00
[    0.239868] pps_core: LinuxPPS API ver. 1 registered
[    0.242805] pps_core: Software ver. 5.3.6 - Copyright 2005-2007 Rodolfo Giometti <giometti@linux.it>
[    0.248449] PTP clock support registered
[    0.250909] EDAC MC: Ver: 3.0.0
[    0.310894] clocksource: Switched to clocksource FTTMR010-TIMER2
[    0.379008] NET: Registered PF_INET protocol family
[    0.382726] IP idents hash table entries: 2048 (order: 2, 16384 bytes, linear)
[    0.389457] tcp_listen_portaddr_hash hash table entries: 1024 (order: 0, 4096 bytes, linear)
[    0.394499] Table-perturb hash table entries: 65536 (order: 6, 262144 bytes, linear)
[    0.399204] TCP established hash table entries: 1024 (order: 0, 4096 bytes, linear)
[    0.403855] TCP bind hash table entries: 1024 (order: 1, 8192 bytes, linear)
[    0.408093] TCP: Hash tables configured (established 1024 bind 1024)
[    0.412253] UDP hash table entries: 256 (order: 0, 4096 bytes, linear)
[    0.416215] UDP-Lite hash table entries: 256 (order: 0, 4096 bytes, linear)
[    0.422086] NET: Registered PF_UNIX/PF_LOCAL protocol family
[    0.467742] RPC: Registered named UNIX socket transport module.
[    0.471249] RPC: Registered udp transport module.
[    0.474110] RPC: Registered tcp transport module.
[    0.476889] RPC: Registered tcp-with-tls transport module.
[    0.480131] RPC: Registered tcp NFSv4.1 backchannel transport module.
[    0.509976] workingset: timestamp_bits=30 max_order=14 bucket_order=0
[    0.548558] squashfs: version 4.0 (2009/01/31) Phillip Lougher
[    0.586703] NFS: Registering the id_resolver key type
[    0.589853] Key type id_resolver registered
[    0.592340] Key type id_legacy registered
[    0.594853] jffs2: version 2.2. (SUMMARY)  © 2001-2006 Red Hat, Inc.
[    0.626690] NET: Registered PF_ALG protocol family
[    0.631694] io scheduler bfq registered
[    0.688473] Serial: 8250/16550 driver, 6 ports, IRQ sharing enabled
[    0.724786] printk: console [ttyS4] disabled
[    0.729197] 1e784000.serial: ttyS4 at MMIO 0x1e784000 (irq = 19, base_baud = 1500000) is a 16550A
[    0.734594] printk: console [ttyS4] enabled
[    0.734594] printk: console [ttyS4] enabled
[    0.739313] printk: bootconsole [ns16550a0] disabled
[    0.739313] printk: bootconsole [ns16550a0] disabled
[    0.766488] timeriomem_rng 1e6e2078.hwrng: 32bits from 0x(ptrval) @ 1us
[    0.846096] loop: module loaded
[    1.068145] ftgmac100 1e660000.ethernet: Read MAC address 96:0e:ce:b9:5d:8d from chip
[    1.082583] ftgmac100 1e660000.ethernet (unnamed net_device) (uninitialized): Unsupported PHY mode rmii !
[    1.087780] RTL8201CP Ethernet 1e660000.ethernet--1:00: attached PHY driver (mii_bus:phy_addr=1e660000.ethernet--1:00, irq=POLL)
[    1.094150] ftgmac100 1e660000.ethernet: AST2050: leaving MACCLK at the U-Boot default
[    1.100571] ftgmac100 1e660000.ethernet eth0: irq 20, mapped at (ptrval)
[    1.105857] i2c_dev: i2c /dev entries driver
[    1.109621] Driver for 1-wire Dallas network protocol.
[    1.128080] NET: Registered PF_INET6 protocol family
[    1.256901] Segment Routing with IPv6
[    1.259295] In-situ OAM (IOAM) with IPv6
[    1.262120] NET: Registered PF_PACKET protocol family
[    1.265203] 8021q: 802.1Q VLAN Support v1.8
[    1.267671] Key type dns_resolver registered
[    1.537720] ftgmac100 1e660000.ethernet eth0: Link is Up - 100Mbps/Full - flow control rx/tx
[    1.645189] IP-Config: Complete:
[    1.646973]      device=eth0, hwaddr=96:0e:ce:b9:5d:8d, ipaddr=192.168.66.2, mask=255.255.255.0, gw=192.168.66.1
[    1.652548]      host=kgpe-d16, domain=, nis-domain=(none)
[    1.655511]      bootserver=192.168.66.1, rootserver=192.168.66.1, rootpath=
[    3.757661] random: crng init done
[    4.196172] clk: Not disabling unused clocks


[*] saw: '# '
